Microchip MPLAB XC8 Compiler V2.40

Linker command line:

-W-3 \
  --edf=C:\Program Files\Microchip\xc8\v2.40\pic\dat\20220703182018_en.msgs \
  -cn -h+dist/default/production\tp2.X.production.sym \
  --cmf=dist/default/production\tp2.X.production.cmf -z -Q18F25K80 \
  -oC:\Users\owena\AppData\Local\Temp\xcAsga4.4 --defsym=__MPLAB_BUILD=1 \
  --fixupoverflow=error -Mdist/default/production/tp2.X.production.map \
  --md=C:\Users\owena\AppData\Local\Temp\xcAsga4.dat -E1 -ver=XC8 Compiler \
  --acfsm=1493 -ACODE=00h-07FFFh -ACONST=00h-07FFFh \
  -ASMALLCONST=01000h-010FFhx112 -AMEDIUMCONST=01000h-07FFFh \
  -ACOMRAM=01h-05Fh -AABS1=00h-0E40h -ABIGRAM=01h-0E40h \
  -ARAM=060h-0FFh,0100h-01FFhx13,0E00h-0E40h -ABANK0=060h-0FFh \
  -ABANK1=0100h-01FFh -ABANK2=0200h-02FFh -ABANK3=0300h-03FFh \
  -ABANK4=0400h-04FFh -ABANK5=0500h-05FFh -ABANK6=0600h-06FFh \
  -ABANK7=0700h-07FFh -ABANK8=0800h-08FFh -ABANK9=0900h-09FFh \
  -ABANK10=0A00h-0AFFh -ABANK11=0B00h-0BFFh -ABANK12=0C00h-0CFFh \
  -ABANK13=0D00h-0DFFh -ABANK14=0E00h-0E40h \
  -ASFR=0E41h-0EFFh,0F00h-0F5Fh,0F60h-0FFFh -ABIGSFR=0E41h-0FFFh \
  -ACONFIG=0300000h-030000Dh -AIDLOC=0200000h-0200007h \
  -AEEDATA=0F00000h-0F003FFh -peeprom_data=EEDATA \
  -preset_vec=00h,intcode=08h,intcodelo,powerup,init -pramtop=01000h \
  -psmallconst=SMALLCONST -pmediumconst=MEDIUMCONST -pconst=CONST \
  -AFARRAM=00h-00h \
  -prdata=COMRAM,nvrram=COMRAM,nvbit=COMRAM,rbss=COMRAM,rbit=COMRAM \
  -pfarbss=FARRAM,fardata=FARRAM,nvFARRAM=FARRAM \
  -pintsave_regs=BIGRAM,bigbss=BIGRAM,bigdata=BIGRAM -pbss=RAM \
  -pidata=CODE,irdata=CODE,ibigdata=CODE,ifardata=CODE -prparam=COMRAM \
  C:\Users\owena\AppData\Local\Temp\xcAsga4.o \
  dist/default/production\tp2.X.production.o 

Object code version is 3.11

Machine type is 18F25K80



                Name                               Link     Load   Length Selector   Space Scale
C:\Users\owena\AppData\Local\Temp\xcAsga4.o
                config                           300000   300000        E        0       4
                init                                 B0       B0        4        4       0
                reset_vec                             0        0        4        0       0
dist/default/production\tp2.X.production.o
                intcode                               8        8       A8        4       0
                config                           300000   300000        E        0       4
                temp                                 59       59        1        1       1
                smallconst                         1000     1000       28      800       0
                text33                             1E40     1E40       2A      814       0
                text32                             1F88     1F88        6      814       0
                text31                             1F92     1F92        2      814       0
                text30                             1F82     1F82        6      814       0
                text29                             1A90     1A90       C2      814       0
                text28                             1DCE     1DCE       40      814       0
                text26                             1D30     1D30       50      814       0
                text25                             1E0E     1E0E       32      814       0
                text24                             1F78     1F78        A      814       0
                text23                             1F6E     1F6E        A      814       0
                text22                             1F64     1F64        A      814       0
                text21                             1F5A     1F5A        A      814       0
                text20                             1F50     1F50        A      814       0
                text19                             1C66     1C66       74      814       0
                text18                             1F8E     1F8E        4      814       0
                text17                             1F0A     1F0A       12      814       0
                text16                             1E6A     1E6A       28      814       0
                text15                             1EF8     1EF8       12      814       0
                text14                             1F38     1F38        E      814       0
                text13                             1EDE     1EDE       1A      814       0
                text12                             1CDA     1CDA       56      814       0
                text11                             1F2A     1F2A        E      814       0
                text10                             1F46     1F46        A      814       0
                text9                              1B52     1B52       96      814       0
                text8                              1BE8     1BE8       7E      814       0
                text7                              1D80     1D80       4E      814       0
                text6                              1EB8     1EB8       26      814       0
                text5                              1452     1452      39A      814       0
                text4                              1028     1028      42A      814       0
                text3                              17EC     17EC      106      814       0
                text2                              19C2     19C2       CE      814       0
                text1                              1F1C     1F1C        E      814       0
                text0                              18F2     18F2       D0      814       0
                cstackCOMRAM                          1        1       46        1       1
                cstackBANK0                          98       98        5       60       1
                bssBANK0                             60       60       38       60       1
                bssCOMRAM                            47       47        B        1       1
                cinit                              1E92     1E92       26      814       0
                nvBANK0                              9D       9D        4       60       1
                nvCOMRAM                             52       52        7        1       1

TOTAL           Name                               Link     Load   Length     Space
        CLASS   CODE           
                intcode                               8        8       A8         0
                init                                 B0       B0        4         0
                reset_vec                             0        0        4         0
                text33                             1E40     1E40       2A         0
                text32                             1F88     1F88        6         0
                text31                             1F92     1F92        2         0
                text30                             1F82     1F82        6         0
                text29                             1A90     1A90       C2         0
                text28                             1DCE     1DCE       40         0
                text26                             1D30     1D30       50         0
                text25                             1E0E     1E0E       32         0
                text24                             1F78     1F78        A         0
                text23                             1F6E     1F6E        A         0
                text22                             1F64     1F64        A         0
                text21                             1F5A     1F5A        A         0
                text20                             1F50     1F50        A         0
                text19                             1C66     1C66       74         0
                text18                             1F8E     1F8E        4         0
                text17                             1F0A     1F0A       12         0
                text16                             1E6A     1E6A       28         0
                text15                             1EF8     1EF8       12         0
                text14                             1F38     1F38        E         0
                text13                             1EDE     1EDE       1A         0
                text12                             1CDA     1CDA       56         0
                text11                             1F2A     1F2A        E         0
                text10                             1F46     1F46        A         0
                text9                              1B52     1B52       96         0
                text8                              1BE8     1BE8       7E         0
                text7                              1D80     1D80       4E         0
                text6                              1EB8     1EB8       26         0
                text5                              1452     1452      39A         0
                text4                              1028     1028      42A         0
                text3                              17EC     17EC      106         0
                text2                              19C2     19C2       CE         0
                text1                              1F1C     1F1C        E         0
                text0                              18F2     18F2       D0         0
                cinit                              1E92     1E92       26         0

        CLASS   CONST          

        CLASS   SMALLCONST     
                smallconst                         1000     1000       28         0

        CLASS   MEDIUMCONST    

        CLASS   COMRAM         
                temp                                 59       59        1         1
                cstackCOMRAM                          1        1       46         1
                bssCOMRAM                            47       47        B         1
                nvCOMRAM                             52       52        7         1

        CLASS   ABS1           

        CLASS   BIGRAM         

        CLASS   RAM            

        CLASS   BANK0          
                cstackBANK0                          98       98        5         1
                bssBANK0                             60       60       38         1
                nvBANK0                              9D       9D        4         1

        CLASS   BANK1          

        CLASS   BANK2          

        CLASS   BANK3          

        CLASS   BANK4          

        CLASS   BANK5          

        CLASS   BANK6          

        CLASS   BANK7          

        CLASS   BANK8          

        CLASS   BANK9          

        CLASS   BANK10         

        CLASS   BANK11         

        CLASS   BANK12         

        CLASS   BANK13         

        CLASS   BANK14         

        CLASS   SFR            

        CLASS   BIGSFR         

        CLASS   CONFIG         
                config                           300000   300000        E         4

        CLASS   IDLOC          

        CLASS   EEDATA         

        CLASS   FARRAM         

        CLASS   HEAP           

        CLASS   STACK          



SEGMENTS        Name                           Load    Length   Top    Selector   Space  Class

                reset_vec                      000000  000004  000004         0       0  CODE    
                cstackCOMRAM                   000001  000059  00005A         1       1  COMRAM  
                intcode                        000008  0000AC  0000B4         4       0  CODE    
                bssBANK0                       000060  000041  0000A1        60       1  BANK0   
                smallconst                     001000  000028  001028       800       0  SMALLCON
                text4                          001028  000F6C  001F94       814       0  CODE    


UNUSED ADDRESS RANGES

        Name                Unused          Largest block    Delta
        BANK0            0000A1-0000FF               5F
        BANK1            000100-0001FF              100
        BANK10           000A00-000AFF              100
        BANK11           000B00-000BFF              100
        BANK12           000C00-000CFF              100
        BANK13           000D00-000DFF              100
        BANK14           000E00-000E40               41
        BANK2            000200-0002FF              100
        BANK3            000300-0003FF              100
        BANK4            000400-0004FF              100
        BANK5            000500-0005FF              100
        BANK6            000600-0006FF              100
        BANK7            000700-0007FF              100
        BANK8            000800-0008FF              100
        BANK9            000900-0009FF              100
        BIGRAM           00005A-00005F                6
                         0000A1-000E40              DA0
        BIGSFR           000E41-000FFF              1BF
        CODE             000004-000007                4
                         0000B4-000FFF              F4C
                         001F94-007FFF             606C
        COMRAM           00005A-00005F                6
        CONST            000004-000007                4
                         0000B4-000FFF              F4C
                         001F94-007FFF             606C
        EEDATA           F00000-F003FF              400
        IDLOC            200000-200007                8
        MEDIUMCONST      001F94-007FFF             606C
        RAM              0000A1-000E40              100
        SFR              000E41-000FFF               BF
        SMALLCONST       001F94-007FFF              100

                                  Symbol Table

?___fldiv                                       cstackCOMRAM 000005
?___flmul                                       cstackCOMRAM 00001E
?___fltol                                       cstackCOMRAM 000005
?_printf                                        cstackCOMRAM 00001E
?_trouver_CPPR                                  cstackCOMRAM 000037
?_vfprintf                                      cstackCOMRAM 000016
EUSART1_Read@readValue                          cstackCOMRAM 000005
EUSART1_SetErrorHandler@interruptHandler        cstackCOMRAM 000005
EUSART1_SetFramingErrorHandler@interruptHandler cstackCOMRAM 000005
EUSART1_SetOverrunErrorHandler@interruptHandler cstackCOMRAM 000005
EUSART1_SetRxInterruptHandler@interruptHandler  cstackCOMRAM 000005
EUSART1_SetTxInterruptHandler@interruptHandler  cstackCOMRAM 000005
EUSART1_Write@txData                            cstackCOMRAM 000005
PWM2_LoadDutyValue@dutyValue                    cstackCOMRAM 000043
_ANCON0                                         (abs)        000F5D
_ANCON1                                         (abs)        000F5C
_BAUDCON1                                       (abs)        000FA7
_CCP2CON                                        (abs)        000F50
_CCPR2H                                         (abs)        000F52
_CCPR2L                                         (abs)        000F51
_CCPTMRSbits                                    (abs)        000F99
_EUSART1_DefaultErrorHandler                    text32       001F88
_EUSART1_DefaultFramingErrorHandler             text31       001F92
_EUSART1_DefaultOverrunErrorHandler             text30       001F82
_EUSART1_ErrorHandler                           nvBANK0      00009D
_EUSART1_FramingErrorHandler                    nvCOMRAM     000052
_EUSART1_Initialize                             text19       001C66
_EUSART1_OverrunErrorHandler                    nvBANK0      00009F
_EUSART1_Read                                   text26       001D30
_EUSART1_Receive_ISR                            text29       001A90
_EUSART1_RxDataHandler                          text33       001E40
_EUSART1_RxDefaultInterruptHandler              nvCOMRAM     000054
_EUSART1_SetErrorHandler                        text24       001F78
_EUSART1_SetFramingErrorHandler                 text23       001F6E
_EUSART1_SetOverrunErrorHandler                 text22       001F64
_EUSART1_SetRxInterruptHandler                  text21       001F5A
_EUSART1_SetTxInterruptHandler                  text20       001F50
_EUSART1_Transmit_ISR                           text28       001DCE
_EUSART1_TxDefaultInterruptHandler              nvCOMRAM     000056
_EUSART1_Write                                  text12       001CDA
_INTCON2bits                                    (abs)        000FF1
_INTCONbits                                     (abs)        000FF2
_INTERRUPT_Initialize                           text18       001F8E
_INTERRUPT_InterruptManager                     intcode      000008
_LATA                                           (abs)        000F89
_LATB                                           (abs)        000F8A
_LATC                                           (abs)        000F8B
_OSCCON                                         (abs)        000FD3
_OSCCON2                                        (abs)        000FD2
_OSCILLATOR_Initialize                          text17       001F0A
_OSCTUNE                                        (abs)        000F9B
_PIE1bits                                       (abs)        000F9D
_PIN_MANAGER_Initialize                         text16       001E6A
_PIR1bits                                       (abs)        000F9E
_PR2                                            (abs)        000FCB
_PWM2_Initialize                                text15       001EF8
_PWM2_LoadDutyValue                             text25       001E0E
_RCONbits                                       (abs)        000FD0
_RCREG1                                         (abs)        000FAE
_RCSTA1                                         (abs)        000FAB
_RCSTA1bits                                     (abs)        000FAB
_REFOCON                                        (abs)        000F9A
_SPBRG1                                         (abs)        000FAF
_SPBRGH1                                        (abs)        000F7D
_SYSTEM_Initialize                              text13       001EDE
_T2CON                                          (abs)        000FCA
_T2CONbits                                      (abs)        000FCA
_TMR2                                           (abs)        000FCC
_TMR2_Initialize                                text14       001F38
_TRISA                                          (abs)        000F92
_TRISB                                          (abs)        000F93
_TRISC                                          (abs)        000F94
_TXREG1                                         (abs)        000FAD
_TXSTA1                                         (abs)        000FAC
_TXSTA1bits                                     (abs)        000FAC
_WPUB                                           (abs)        000F5B
__HRAM                                          (abs)        000000
__Habs1                                         abs1         000000
__Hbank0                                        bank0        000000
__Hbank1                                        bank1        000000
__Hbank10                                       bank10       000000
__Hbank11                                       bank11       000000
__Hbank12                                       bank12       000000
__Hbank13                                       bank13       000000
__Hbank14                                       bank14       000000
__Hbank2                                        bank2        000000
__Hbank3                                        bank3        000000
__Hbank4                                        bank4        000000
__Hbank5                                        bank5        000000
__Hbank6                                        bank6        000000
__Hbank7                                        bank7        000000
__Hbank8                                        bank8        000000
__Hbank9                                        bank9        000000
__Hbigbss                                       bigbss       000000
__Hbigdata                                      bigdata      000000
__Hbigram                                       bigram       000000
__Hbigsfr                                       bigsfr       000000
__Hbss                                          bss          000000
__HbssBANK0                                     bssBANK0     000000
__HbssCOMRAM                                    bssCOMRAM    000000
__Hcinit                                        cinit        000000
__Hclrtext                                      clrtext      000000
__Hcomram                                       comram       000000
__Hconfig                                       config       30000E
__Hconst                                        const        000000
__HcstackBANK0                                  cstackBANK0  000000
__HcstackCOMRAM                                 cstackCOMRAM 000000
__Hdata                                         data         000000
__Heeprom_data                                  eeprom_data  000000
__Hfarbss                                       farbss       000000
__Hfardata                                      fardata      000000
__Hheap                                         heap         000000
__Hibigdata                                     ibigdata     000000
__Hidata                                        idata        000000
__Hidloc                                        idloc        000000
__Hifardata                                     ifardata     000000
__Hinit                                         init         0000B4
__Hintcode                                      intcode      0000B0
__Hintcode_body                                 intcode_body 000000
__Hintcodelo                                    intcodelo    0000B0
__Hintentry                                     intentry     000000
__Hintret                                       intret       000000
__Hintsave_regs                                 intsave_regs 000000
__Hirdata                                       irdata       000000
__Hmediumconst                                  mediumconst  000000
__HnvBANK0                                      nvBANK0      000000
__HnvCOMRAM                                     nvCOMRAM     000000
__HnvFARRAM                                     nvFARRAM     000000
__Hnvbit                                        nvbit        000000
__Hnvrram                                       nvrram       000000
__Hparam                                        rparam       000000
__Hpowerup                                      powerup      0000B0
__Hram                                          ram          000000
__Hramtop                                       ramtop       001000
__Hrbit                                         rbit         000000
__Hrbss                                         rbss         000000
__Hrdata                                        rdata        000000
__Hreset_vec                                    reset_vec    000004
__Hrparam                                       rparam       000000
__Hsfr                                          sfr          000000
__Hsmallconst                                   smallconst   001028
__Hspace_0                                      (abs)        001F94
__Hspace_1                                      (abs)        0000A1
__Hspace_2                                      (abs)        000000
__Hspace_4                                      (abs)        60000E
__Hstack                                        stack        000000
__Hstruct                                       struct       000000
__Htemp                                         temp         00005A
__Htext                                         text         000000
__Htext0                                        text0        000000
__Htext1                                        text1        000000
__Htext10                                       text10       000000
__Htext11                                       text11       000000
__Htext12                                       text12       000000
__Htext13                                       text13       000000
__Htext14                                       text14       000000
__Htext15                                       text15       000000
__Htext16                                       text16       000000
__Htext17                                       text17       000000
__Htext18                                       text18       000000
__Htext19                                       text19       000000
__Htext2                                        text2        000000
__Htext20                                       text20       000000
__Htext21                                       text21       000000
__Htext22                                       text22       000000
__Htext23                                       text23       000000
__Htext24                                       text24       000000
__Htext25                                       text25       000000
__Htext26                                       text26       000000
__Htext28                                       text28       000000
__Htext29                                       text29       000000
__Htext3                                        text3        000000
__Htext30                                       text30       000000
__Htext31                                       text31       000000
__Htext32                                       text32       000000
__Htext33                                       text33       000000
__Htext34                                       text34       000000
__Htext4                                        text4        000000
__Htext5                                        text5        000000
__Htext6                                        text6        000000
__Htext7                                        text7        000000
__Htext8                                        text8        000000
__Htext9                                        text9        000000
__LRAM                                          (abs)        000001
__Labs1                                         abs1         000000
__Lbank0                                        bank0        000000
__Lbank1                                        bank1        000000
__Lbank10                                       bank10       000000
__Lbank11                                       bank11       000000
__Lbank12                                       bank12       000000
__Lbank13                                       bank13       000000
__Lbank14                                       bank14       000000
__Lbank2                                        bank2        000000
__Lbank3                                        bank3        000000
__Lbank4                                        bank4        000000
__Lbank5                                        bank5        000000
__Lbank6                                        bank6        000000
__Lbank7                                        bank7        000000
__Lbank8                                        bank8        000000
__Lbank9                                        bank9        000000
__Lbigbss                                       bigbss       000000
__Lbigdata                                      bigdata      000000
__Lbigram                                       bigram       000000
__Lbigsfr                                       bigsfr       000000
__Lbss                                          bss          000000
__LbssBANK0                                     bssBANK0     000000
__LbssCOMRAM                                    bssCOMRAM    000000
__Lcinit                                        cinit        000000
__Lclrtext                                      clrtext      000000
__Lcomram                                       comram       000000
__Lconfig                                       config       000000
__Lconst                                        const        000000
__LcstackBANK0                                  cstackBANK0  000000
__LcstackCOMRAM                                 cstackCOMRAM 000000
__Ldata                                         data         000000
__Leeprom_data                                  eeprom_data  000000
__Lfarbss                                       farbss       000000
__Lfardata                                      fardata      000000
__Lheap                                         heap         000000
__Libigdata                                     ibigdata     000000
__Lidata                                        idata        000000
__Lidloc                                        idloc        000000
__Lifardata                                     ifardata     000000
__Linit                                         init         0000B0
__Lintcode                                      intcode      000008
__Lintcode_body                                 intcode_body 000000
__Lintcodelo                                    intcodelo    0000B0
__Lintentry                                     intentry     000000
__Lintret                                       intret       000000
__Lintsave_regs                                 intsave_regs 000000
__Lirdata                                       irdata       000000
__Lmediumconst                                  mediumconst  000000
__LnvBANK0                                      nvBANK0      000000
__LnvCOMRAM                                     nvCOMRAM     000000
__LnvFARRAM                                     nvFARRAM     000000
__Lnvbit                                        nvbit        000000
__Lnvrram                                       nvrram       000000
__Lparam                                        rparam       000000
__Lpowerup                                      powerup      0000B0
__Lram                                          ram          000000
__Lramtop                                       ramtop       001000
__Lrbit                                         rbit         000000
__Lrbss                                         rbss         000000
__Lrdata                                        rdata        000000
__Lreset_vec                                    reset_vec    000000
__Lrparam                                       rparam       000000
__Lsfr                                          sfr          000000
__Lsmallconst                                   smallconst   001000
__Lspace_0                                      (abs)        000000
__Lspace_1                                      (abs)        000000
__Lspace_2                                      (abs)        000000
__Lspace_4                                      (abs)        000000
__Lstack                                        stack        000000
__Lstruct                                       struct       000000
__Ltemp                                         temp         000059
__Ltext                                         text         000000
__Ltext0                                        text0        000000
__Ltext1                                        text1        000000
__Ltext10                                       text10       000000
__Ltext11                                       text11       000000
__Ltext12                                       text12       000000
__Ltext13                                       text13       000000
__Ltext14                                       text14       000000
__Ltext15                                       text15       000000
__Ltext16                                       text16       000000
__Ltext17                                       text17       000000
__Ltext18                                       text18       000000
__Ltext19                                       text19       000000
__Ltext2                                        text2        000000
__Ltext20                                       text20       000000
__Ltext21                                       text21       000000
__Ltext22                                       text22       000000
__Ltext23                                       text23       000000
__Ltext24                                       text24       000000
__Ltext25                                       text25       000000
__Ltext26                                       text26       000000
__Ltext28                                       text28       000000
__Ltext29                                       text29       000000
__Ltext3                                        text3        000000
__Ltext30                                       text30       000000
__Ltext31                                       text31       000000
__Ltext32                                       text32       000000
__Ltext33                                       text33       000000
__Ltext34                                       text34       000000
__Ltext4                                        text4        000000
__Ltext5                                        text5        000000
__Ltext6                                        text6        000000
__Ltext7                                        text7        000000
__Ltext8                                        text8        000000
__Ltext9                                        text9        000000
__S0                                            (abs)        001F94
__S1                                            (abs)        0000A1
__S4                                            (abs)        000000
__S5                                            (abs)        000000
___fldiv                                        text5        001452
___fldiv@a                                      cstackCOMRAM 000009
___fldiv@aexp                                   cstackCOMRAM 00001D
___fldiv@b                                      cstackCOMRAM 000005
___fldiv@bexp                                   cstackCOMRAM 00001C
___fldiv@grs                                    cstackCOMRAM 000018
___fldiv@new_exp                                cstackCOMRAM 000016
___fldiv@rem                                    cstackCOMRAM 000011
___fldiv@sign                                   cstackCOMRAM 000015
___flmul                                        text4        001028
___flmul@a                                      cstackCOMRAM 000022
___flmul@aexp                                   cstackCOMRAM 00002B
___flmul@b                                      cstackCOMRAM 00001E
___flmul@bexp                                   cstackCOMRAM 000030
___flmul@grs                                    cstackCOMRAM 00002C
___flmul@prod                                   cstackCOMRAM 000031
___flmul@sign                                   cstackCOMRAM 00002A
___flmul@temp                                   cstackCOMRAM 000035
___fltol                                        text3        0017EC
___fltol@exp1                                   cstackCOMRAM 00000E
___fltol@f1                                     cstackCOMRAM 000005
___fltol@sign1                                  cstackCOMRAM 00000D
___heap_hi                                      (abs)        000000
___heap_lo                                      (abs)        000000
___inthi_sp                                     stack        000000
___intlo_sp                                     stack        000000
___param_bank                                   (abs)        000000
___rparam_used                                  (abs)        000001
___sp                                           stack        000000
__accesstop                                     (abs)        000060
__activetblptr                                  (abs)        000002
__end_of_EUSART1_DefaultErrorHandler            text32       001F8E
__end_of_EUSART1_DefaultFramingErrorHandler     text31       001F94
__end_of_EUSART1_DefaultOverrunErrorHandler     text30       001F88
__end_of_EUSART1_Initialize                     text19       001CDA
__end_of_EUSART1_Read                           text26       001D80
__end_of_EUSART1_Receive_ISR                    text29       001B52
__end_of_EUSART1_RxDataHandler                  text33       001E6A
__end_of_EUSART1_SetErrorHandler                text24       001F82
__end_of_EUSART1_SetFramingErrorHandler         text23       001F78
__end_of_EUSART1_SetOverrunErrorHandler         text22       001F6E
__end_of_EUSART1_SetRxInterruptHandler          text21       001F64
__end_of_EUSART1_SetTxInterruptHandler          text20       001F5A
__end_of_EUSART1_Transmit_ISR                   text28       001E0E
__end_of_EUSART1_Write                          text12       001D30
__end_of_INTERRUPT_Initialize                   text18       001F92
__end_of_INTERRUPT_InterruptManager             intcode      0000B0
__end_of_OSCILLATOR_Initialize                  text17       001F1C
__end_of_PIN_MANAGER_Initialize                 text16       001E92
__end_of_PWM2_Initialize                        text15       001F0A
__end_of_PWM2_LoadDutyValue                     text25       001E40
__end_of_SYSTEM_Initialize                      text13       001EF8
__end_of_TMR2_Initialize                        text14       001F46
__end_of___fldiv                                text5        0017EC
__end_of___flmul                                text4        001452
__end_of___fltol                                text3        0018F2
__end_of__initialization                        cinit        001EAA
__end_of_ecranAllume                            text11       001F38
__end_of_fputc                                  text9        001BE8
__end_of_main                                   text0        0019C2
__end_of_printf                                 text6        001EDE
__end_of_putch                                  text10       001F50
__end_of_trouver_CPPR                           text2        001A90
__end_of_vfpfcnvrt                              text8        001C66
__end_of_vfprintf                               text7        001DCE
__end_of_videecran                              text1        001F2A
__initialization                                cinit        001E92
__mediumconst                                   mediumconst  000000
__pbssBANK0                                     bssBANK0     000060
__pbssCOMRAM                                    bssCOMRAM    000047
__pcinit                                        cinit        001E92
__pcstackBANK0                                  cstackBANK0  000098
__pcstackCOMRAM                                 cstackCOMRAM 000001
__pintcode                                      intcode      000008
__pnvBANK0                                      nvBANK0      00009D
__pnvCOMRAM                                     nvCOMRAM     000052
__psmallconst                                   smallconst   001000
__ptext0                                        text0        0018F2
__ptext1                                        text1        001F1C
__ptext10                                       text10       001F46
__ptext11                                       text11       001F2A
__ptext12                                       text12       001CDA
__ptext13                                       text13       001EDE
__ptext14                                       text14       001F38
__ptext15                                       text15       001EF8
__ptext16                                       text16       001E6A
__ptext17                                       text17       001F0A
__ptext18                                       text18       001F8E
__ptext19                                       text19       001C66
__ptext2                                        text2        0019C2
__ptext20                                       text20       001F50
__ptext21                                       text21       001F5A
__ptext22                                       text22       001F64
__ptext23                                       text23       001F6E
__ptext24                                       text24       001F78
__ptext25                                       text25       001E0E
__ptext26                                       text26       001D30
__ptext28                                       text28       001DCE
__ptext29                                       text29       001A90
__ptext3                                        text3        0017EC
__ptext30                                       text30       001F82
__ptext31                                       text31       001F92
__ptext32                                       text32       001F88
__ptext33                                       text33       001E40
__ptext34                                       text34       000000
__ptext4                                        text4        001028
__ptext5                                        text5        001452
__ptext6                                        text6        001EB8
__ptext7                                        text7        001D80
__ptext8                                        text8        001BE8
__ptext9                                        text9        001B52
__ramtop                                        ramtop       001000
__smallconst                                    smallconst   001000
_ecranAllume                                    text11       001F2A
_eusart1RxBuffer                                bssBANK0     000088
_eusart1RxCount                                 bssCOMRAM    00004D
_eusart1RxHead                                  bssCOMRAM    00004F
_eusart1RxLastError                             bssCOMRAM    00004C
_eusart1RxStatusBuffer                          bssBANK0     000080
_eusart1RxTail                                  bssCOMRAM    00004E
_eusart1TxBuffer                                bssBANK0     000090
_eusart1TxBufferRemaining                       nvCOMRAM     000058
_eusart1TxHead                                  bssCOMRAM    000051
_eusart1TxTail                                  bssCOMRAM    000050
_flags                                          bssCOMRAM    00004B
_fputc                                          text9        001B52
_main                                           text0        0018F2
_prec                                           bssCOMRAM    000049
_printf                                         text6        001EB8
_putch                                          text10       001F46
_trouver_CPPR                                   text2        0019C2
_trouver_CPPR$1631                              cstackCOMRAM 00003F
_vfpfcnvrt                                      text8        001BE8
_vfprintf                                       text7        001D80
_videecran                                      text1        001F1C
_width                                          bssCOMRAM    000047
btemp                                           temp         000059
end_of_initialization                           cinit        001EAA
fputc@c                                         cstackCOMRAM 000007
fputc@fp                                        cstackCOMRAM 000009
int$flags                                       temp         000059
intlevel0                                       text         000000
intlevel1                                       text         000000
intlevel2                                       text         000000
intlevel3                                       text         000000
isa$std                                         (abs)        000001
isa$xinst                                       (abs)        000000
main@lire                                       cstackBANK0  00009C
main@vitesse                                    cstackBANK0  000098
printf@ap                                       cstackCOMRAM 000020
printf@fmt                                      cstackCOMRAM 00001E
putch@txData                                    cstackCOMRAM 000006
stackhi                                         (abs)        000000
stacklo                                         (abs)        000000
start                                           init         0000B0
start_initialization                            cinit        001E92
trouver_CPPR@ccpr                               cstackCOMRAM 00003B
trouver_CPPR@duty                               cstackCOMRAM 000037
ttemp5                                          temp         00005A
ttemp6                                          temp         00005D
ttemp7                                          temp         000061
vfpfcnvrt@ap                                    cstackCOMRAM 000014
vfpfcnvrt@fmt                                   cstackCOMRAM 000012
vfpfcnvrt@fp                                    cstackCOMRAM 000010
vfprintf@ap                                     cstackCOMRAM 00001A
vfprintf@cfmt                                   cstackCOMRAM 00001C
vfprintf@fmt                                    cstackCOMRAM 000018
vfprintf@fp                                     cstackCOMRAM 000016
wtemp8                                          temp         00005A


MODULE INFORMATION

Module		Function		Class		Link	Load	Size
C:\Program Files\Microchip\xc8\v2.40\pic\sources\c99\common\sprcmul.c
		___flmul       		CODE           	1028	0000	1066

C:\Program Files\Microchip\xc8\v2.40\pic\sources\c99\common\sprcmul.c estimated size: 1066

C:\Program Files\Microchip\xc8\v2.40\pic\sources\c99\common\nf_fputc.c
		_fputc         		CODE           	1B52	0000	150

C:\Program Files\Microchip\xc8\v2.40\pic\sources\c99\common\nf_fputc.c estimated size: 150

C:\Program Files\Microchip\xc8\v2.40\pic\sources\c99\common\sprcdiv.c
		___fldiv       		CODE           	1452	0000	922

C:\Program Files\Microchip\xc8\v2.40\pic\sources\c99\common\sprcdiv.c estimated size: 922

C:\Program Files\Microchip\xc8\v2.40\pic\sources\c99\common\fltol.c
		___fltol       		CODE           	17EC	0000	262

C:\Program Files\Microchip\xc8\v2.40\pic\sources\c99\common\fltol.c estimated size: 262

mcc_generated_files/tmr2.c
		_TMR2_Initialize		CODE           	1F38	0000	14

mcc_generated_files/tmr2.c estimated size: 14

mcc_generated_files/interrupt_manager.c
		_INTERRUPT_Initialize		CODE           	1F8E	0000	4
		_INTERRUPT_InterruptManager		CODE           	0008	0000	168

mcc_generated_files/interrupt_manager.c estimated size: 172

mcc_generated_files/pwm2.c
		_PWM2_Initialize		CODE           	1EF8	0000	18
		_PWM2_LoadDutyValue		CODE           	1E0E	0000	50

mcc_generated_files/pwm2.c estimated size: 68

C:\Program Files\Microchip\xc8\v2.40\pic\sources\c99\common\printf.c
		_printf        		CODE           	1EB8	0000	38

C:\Program Files\Microchip\xc8\v2.40\pic\sources\c99\common\printf.c estimated size: 38

mcc_generated_files/pin_manager.c
		_PIN_MANAGER_Initialize		CODE           	1E6A	0000	40

mcc_generated_files/pin_manager.c estimated size: 40

ecran.c
		_ecranAllume   		CODE           	1F2A	0000	14
		_videecran     		CODE           	1F1C	0000	14

ecran.c estimated size: 28

shared
		__initialization		CODE           	1E92	0000	24

shared estimated size: 24

mcc_generated_files/eusart1.c
		_EUSART1_SetRxInterruptHandler		CODE           	1F5A	0000	10
		_EUSART1_SetTxInterruptHandler		CODE           	1F50	0000	10
		_EUSART1_Initialize		CODE           	1C66	0000	116
		_putch         		CODE           	1F46	0000	10
		_EUSART1_DefaultErrorHandler		CODE           	1F88	0000	6
		_EUSART1_SetFramingErrorHandler		CODE           	1F6E	0000	10
		_EUSART1_Read  		CODE           	1D30	0000	80
		_EUSART1_SetOverrunErrorHandler		CODE           	1F64	0000	10
		_EUSART1_SetErrorHandler		CODE           	1F78	0000	10
		_EUSART1_Write 		CODE           	1CDA	0000	86
		_EUSART1_Receive_ISR		CODE           	1A90	0000	194
		_EUSART1_RxDataHandler		CODE           	1E40	0000	42
		_EUSART1_DefaultOverrunErrorHandler		CODE           	1F82	0000	6
		_EUSART1_Transmit_ISR		CODE           	1DCE	0000	64
		_EUSART1_DefaultFramingErrorHandler		CODE           	1F92	0000	2

mcc_generated_files/eusart1.c estimated size: 656

mcc_generated_files/mcc.c
		_OSCILLATOR_Initialize		CODE           	1F0A	0000	18
		_SYSTEM_Initialize		CODE           	1EDE	0000	26

mcc_generated_files/mcc.c estimated size: 44

C:\Program Files\Microchip\xc8\v2.40\pic\sources\c99\common\doprnt.c
		_vfpfcnvrt     		CODE           	1BE8	0000	126
		_vfprintf      		CODE           	1D80	0000	78

C:\Program Files\Microchip\xc8\v2.40\pic\sources\c99\common\doprnt.c estimated size: 204

main.c
		_trouver_CPPR  		CODE           	19C2	0000	206
		_main          		CODE           	18F2	0000	208

main.c estimated size: 414

